[breezometer.com/index.html]
[breezometer.com/manifest.json]
[backblue.gif]
[fade.gif]
[index.html]
[breezometer.com/xmlrpc0db0.php]
[breezometer.com/wp-json/oembed/1.0/embed54c4.json]
[breezometer.com/wp-json/index.html]
[breezometer.com/wp-json/oembed/1.0/embed5c97]
[breezometer.com/index.html]
[breezometer.com/plans/index.html]
[breezometer.com/solutions/index.html]
[breezometer.com/use-cases/index.html]
[breezometer.com/technology/index.html]
[breezometer.com/resources/index.html]
[breezometer.com/wp-json/oembed/1.0/embed4247.json]
[breezometer.com/air-quality-api/index.html]
[breezometer.com/air-quality-map/index.html]
[breezometer.com/solutions/index.html]
[breezometer.com/wp-json/oembed/1.0/embed0e89]
[breezometer.com/smart-cities-solution/index.html]
[breezometer.com/hella/index.html]
[breezometer.com/wp-json/oembed/1.0/embed26e0.json]
[breezometer.com/company/index.html]
[breezometer.com/faq/index.html]
[breezometer.com/contact-us/index.html]
[breezometer.com/plans/index.html]
[breezometer.com/wp-json/oembed/1.0/embeda74d]
[breezometer.com/careers/index.html]
[breezometer.com/terms-of-use/index.html]
[breezometer.com/wp-json/oembed/1.0/embed3347.json]
[breezometer.com/use-cases/index.html]
[breezometer.com/wp-json/oembed/1.0/embeddd57]
[breezometer.com/wp-json/oembed/1.0/embedfb8a.json]
[breezometer.com/technology/index.html]
[breezometer.com/wp-json/oembed/1.0/embedf266]
[breezometer.com/wp-json/oembed/1.0/embeda308.json]
[breezometer.com/resources/index.html]
[breezometer.com/wp-json/oembed/1.0/embed392f]
[breezometer.com/wp-json/oembed/1.0/embedf409.json]
[breezometer.com/air-quality-api/feed/index.html]
[breezometer.com/air-quality-api/index.html]
[breezometer.com/wp-json/oembed/1.0/embed508d]
[breezometer.com/air-quality-api/heatmap-tile-overlay/index.html]
[breezometer.com/air-quality-api/history-api/index.html]
[breezometer.com/wp-json/oembed/1.0/embed96f1.json]
[breezometer.com/air-quality-api/forecast-api/index.html]
[breezometer.com/air-quality-api/response-data-fields/index.html]
[breezometer.com/air-quality-api/response-codes/index.html]
[breezometer.com/air-quality-map/index.html]
[breezometer.com/wp-json/oembed/1.0/embedde2e]
[breezometer.com/[{ headline_ 'Captivate with Global Air Quality Information', text_ 'Use location-based, real-time & actionable air pollution data', icon_ 'map_icon.png', image_ 'phone_product.png', }, { headline_ 'Engage with an Intera]
[breezometer.com/breezometer-won-startup-open-israel-competition/index.html]
[breezometer.com/2017-global-cleantech/index.html]
[breezometer.com/air-quality-api/weather-api/index.html]
[breezometer.com/air-quality-api/pollen-api/index.html]
[breezometer.com/wp-json/oembed/1.0/embed3771.json]
[breezometer.com/smart-cities-solution/index.html]
[breezometer.com/wp-json/oembed/1.0/embedec0b]
[breezometer.com/wp-json/oembed/1.0/embed0412.json]
[breezometer.com/hella/index.html]
[breezometer.com/wp-json/oembed/1.0/embedda4c]
[breezometer.com/wp-json/oembed/1.0/embed079c.json]
[breezometer.com/wp-json/oembed/1.0/embed043c]
[breezometer.com/_https_/www.youtube.com/embed/f9QiLo7D0EU9ec0]
[breezometer.com/company/index.html]
[breezometer.com/_https_/breezometer.com/breezometers-air-quality-index/_(read]
[breezometer.com/faq/feed/index.html]
[breezometer.com/_https_/blog.breezometer.com/breezometers-air-quality-index/_establishment]
[breezometer.com/_https_/gispub.epa.gov/air/trendsreport/2017/index.html]
[breezometer.com/_https_/breezometer.com/according-to-a-new-study-breezometers-app-is-changing-peoples-behavior/_recent]
[breezometer.com/_https_/gispub.epa.gov/air/trendsreport/2016/_(EPA]
[breezometer.com/_https_/breezometer.com/request-a-call/_Get]
[breezometer.com/_https_/www.youtube.com/watchd6d5]
[breezometer.com/_http_/info.breezometer.com/air-quality-technology-paper/index.html]
[breezometer.com/_https_/breezometer.com/api/index.html]
[breezometer.com/_https_/breezometer.com/request-a-call/index.html]
[breezometer.com/_https_/breezometer.com/request-a-call/_Schedule]
[breezometer.com/_https_/breezometer.com/api/_Learn]
[breezometer.com/_mailto_support@breezometer.com/index.html]
[breezometer.com/_https_/breezometer.com/api/history-api/_historical]
[breezometer.com/_https_/www.facebook.com/Breezometer/_Facebook]
[breezometer.com/_https_/breezometer.com/request-a-call/_strongSchedule]
[breezometer.com/_https_/breezometer.com/contact-us/index.html]
[breezometer.com/faq/index.html]
[breezometer.com/wp-json/oembed/1.0/embed7098.json]
[breezometer.com/contact-us/index.html]
[breezometer.com/careers/index.html]
[breezometer.com/wp-json/oembed/1.0/embed6abf]
[breezometer.com/careers/feed/index.html]
[breezometer.com/careers/sales-development-representative-2/index.html]
[breezometer.com/wp-json/oembed/1.0/embed1ad2.json]
[breezometer.com/careers/mobile-and-web-product-manager-israel/index.html]
[breezometer.com/careers/business-development-manager/index.html]
[breezometer.com/careers/mobile-developer/index.html]
[breezometer.com/terms-of-use/index.html]
[breezometer.com/wp-json/oembed/1.0/embed39ca]
[breezometer.com/careers/cfo/index.html]
[breezometer.com/index52de.html]
[breezometer.com/careers/graphic-designer/index.html]
[breezometer.com/whats-the-problem-with-low-cost-air-quality-sensors/index.html]
[breezometer.com/careers/bookkeeper-and-payroll-clerk/index.html]
[breezometer.com/why-air-quality-is-a-huge-opportunity-for-the-car-mobility-industry/index.html]
[breezometer.com/careers/environmental-engineer/index.html]
[breezometer.com/blog/index.html]
[breezometer.com/careers/algorithm-engineer/index.html]
[breezometer.com/index4a57.html]
[breezometer.com/careers/marketing-manager/index.html]
[breezometer.com/indexff98.html]
[breezometer.com/careers/partner-development-manager-apac/index.html]
[breezometer.com/air-quality-pilot-paris/index.html]
[breezometer.com/careers/automotive-business-development-manager/index.html]
[breezometer.com/clients/veolia-client/index.html]
[breezometer.com/careers/airborne-pollen-expert/index.html]
[breezometer.com/clients/foobot-case-study/index.html]
[breezometer.com/careers/content-marketer/index.html]
[breezometer.com/clients/client-air-quality-cities-current-by-ge/index.html]
[breezometer.com/careers/product-manager/index.html]
[breezometer.com/clients/client-rzmask/index.html]
[breezometer.com/terms-of-use/feed/index.html]
[breezometer.com/index4f9f.html]
[breezometer.com/index0036.html]
[breezometer.com/use-cases/air-quality-pilot-paris/index.html]
[breezometer.com/indexdd87.html]
[breezometer.com/use-cases/veolia-client/index.html]
[breezometer.com/use-cases/foobot-case-study/index.html]
[breezometer.com/use-cases/client-air-quality-cities-current-by-ge/index.html]
[breezometer.com/use-cases/client-rzmask/index.html]
[breezometer.com/wp-json/oembed/1.0/embed5a52.json]
[breezometer.com/air-quality-api/history-api/feed/index.html]
[breezometer.com/air-quality-api/history-api/index.html]
[breezometer.com/wp-json/oembed/1.0/embedcca6]
[breezometer.com/wp-json/oembed/1.0/embed1f05.json]
[breezometer.com/air-quality-api/heatmap-tile-overlay/index.html]
[breezometer.com/wp-json/oembed/1.0/embed71dd]
[breezometer.com/wp-json/oembed/1.0/embed0cc6.json]
[breezometer.com/air-quality-api/forecast-api/index.html]
[breezometer.com/wp-json/oembed/1.0/embed0e38]
[breezometer.com/wp-json/oembed/1.0/embed94de.json]
[breezometer.com/air-quality-api/response-data-fields/index.html]
[breezometer.com/wp-json/oembed/1.0/embed053e]
[breezometer.com/wp-json/oembed/1.0/embedbb74.json]
[breezometer.com/air-quality-api/response-codes/index.html]
[breezometer.com/wp-json/oembed/1.0/embeda8a4]
[breezometer.com/wp-json/oembed/1.0/embedc6a5.json]
[breezometer.com/air-quality-api/pollen-api/index.html]
[breezometer.com/wp-json/oembed/1.0/embed4e76]
[breezometer.com/wp-json/oembed/1.0/embed50bc.json]
[breezometer.com/air-quality-api/weather-api/index.html]
[breezometer.com/index73ec.html]
[breezometer.com/indexde4f.html]
[breezometer.com/indexd6f8.html]
[breezometer.com/index4c6d.html]
[breezometer.com/_https_/www.youtube.com/embed/f9QiLo7D0EU9ec0.html]
[breezometer.com/_https_/breezometer.com/breezometers-air-quality-index/_(read.html]
[breezometer.com/_https_/blog.breezometer.com/breezometers-air-quality-index/_establishment.html]
[breezometer.com/_https_/gispub.epa.gov/air/trendsreport/2017/index.html]
[breezometer.com/_https_/breezometer.com/according-to-a-new-study-breezometers-app-is-changing-peoples-behavior/_recent.html]
[breezometer.com/_https_/gispub.epa.gov/air/trendsreport/2016/_(EPA.html]
[breezometer.com/_https_/breezometer.com/request-a-call/_Get.html]
[breezometer.com/_https_/www.youtube.com/watchd6d5.html]
[breezometer.com/_http_/info.breezometer.com/air-quality-technology-paper/index.html]
[breezometer.com/_https_/breezometer.com/api/index.html]
[breezometer.com/_https_/breezometer.com/request-a-call/index.html]
[breezometer.com/_https_/breezometer.com/request-a-call/_Schedule.html]
[breezometer.com/_https_/breezometer.com/api/_Learn.html]
[breezometer.com/_mailto_support@breezometer.com/index.html]
[breezometer.com/_https_/breezometer.com/api/history-api/_historical.html]
[breezometer.com/_https_/www.facebook.com/Breezometer/_Facebook.html]
[breezometer.com/_https_/breezometer.com/request-a-call/_strongSchedule.html]
[breezometer.com/_https_/breezometer.com/contact-us/index.html]
[breezometer.com/breezometers-air-quality-index/index.html]
[breezometer.com/according-to-a-new-study-breezometers-app-is-changing-peoples-behavior/index.html]
[breezometer.com/request-a-call/index.html]
[breezometer.com/api/index.html]
[breezometer.com/api/history-api/index.html]
[breezometer.com/indexafaa.html]
[breezometer.com/jobs/index.html]
[breezometer.com/wp-json/oembed/1.0/embed3510]
[breezometer.com/wp-json/oembed/1.0/embedd477.json]
[breezometer.com/careers/sales-development-representative-2/index.html]
[breezometer.com/wp-json/oembed/1.0/embed1ea0]
[breezometer.com/wp-json/oembed/1.0/embeddcd8.json]
[breezometer.com/careers/business-development-manager/index.html]
[breezometer.com/wp-json/oembed/1.0/embed52ea]
[breezometer.com/wp-json/oembed/1.0/embed982f.json]
[breezometer.com/careers/mobile-and-web-product-manager-israel/index.html]
[breezometer.com/wp-json/oembed/1.0/embed9a0d]
[breezometer.com/wp-json/oembed/1.0/embedc77a.json]
[breezometer.com/careers/mobile-developer/index.html]
[breezometer.com/wp-json/oembed/1.0/embed779a]
[breezometer.com/wp-json/oembed/1.0/embedc4bc.json]
[breezometer.com/careers/cfo/index.html]
[breezometer.com/wp-json/oembed/1.0/embedd2a7]
[breezometer.com/wp-json/oembed/1.0/embed7cb9.json]
[breezometer.com/careers/bookkeeper-and-payroll-clerk/index.html]
[breezometer.com/wp-json/oembed/1.0/embed4566]
[breezometer.com/wp-json/oembed/1.0/embed9ee9.json]
[breezometer.com/careers/graphic-designer/index.html]
[breezometer.com/wp-json/oembed/1.0/embed70ab]
[breezometer.com/wp-json/oembed/1.0/embed06d4.json]
[breezometer.com/careers/environmental-engineer/index.html]
[breezometer.com/wp-json/oembed/1.0/embed93f7]
[breezometer.com/wp-json/oembed/1.0/embedc2ec.json]
[breezometer.com/careers/algorithm-engineer/index.html]
[breezometer.com/wp-json/oembed/1.0/embed621a]
[breezometer.com/wp-json/oembed/1.0/embed61da.json]
[breezometer.com/careers/marketing-manager/index.html]
[breezometer.com/wp-json/oembed/1.0/embed1994]
[breezometer.com/wp-json/oembed/1.0/embed9811.json]
[breezometer.com/careers/partner-development-manager-apac/index.html]
[breezometer.com/wp-json/oembed/1.0/embed1a2a]
[breezometer.com/wp-json/oembed/1.0/embed5ba9.json]
[breezometer.com/careers/automotive-business-development-manager/index.html]
[breezometer.com/wp-json/oembed/1.0/embed7c47]
[breezometer.com/wp-json/oembed/1.0/embeddd1c.json]
[breezometer.com/careers/airborne-pollen-expert/index.html]
[breezometer.com/wp-json/oembed/1.0/embede5a6]
[breezometer.com/wp-json/oembed/1.0/embed545c.json]
[breezometer.com/careers/content-marketer/index.html]
[breezometer.com/wp-json/oembed/1.0/embede691]
[breezometer.com/wp-json/oembed/1.0/embed35ce.json]
[breezometer.com/careers/product-manager/index.html]
[breezometer.com/index3f66.html]
[breezometer.com/wp-json/oembed/1.0/embed9108]
[breezometer.com/wp-json/oembed/1.0/embed7d8b.json]
[breezometer.com/use-cases/air-quality-pilot-paris/index.html]
[breezometer.com/wp-json/oembed/1.0/embed9aef]
[breezometer.com/wp-json/oembed/1.0/embed8ac0.json]
[breezometer.com/use-cases/veolia-client/index.html]
[breezometer.com/wp-json/oembed/1.0/embeddd61]
[breezometer.com/wp-json/oembed/1.0/embedb038.json]
[breezometer.com/use-cases/foobot-case-study/index.html]
[breezometer.com/wp-json/oembed/1.0/embedf59e]
[breezometer.com/wp-json/oembed/1.0/embeda88a.json]
[breezometer.com/use-cases/client-air-quality-cities-current-by-ge/index.html]
[breezometer.com/wp-json/oembed/1.0/embedfd39]
[breezometer.com/wp-json/oembed/1.0/embed3817.json]
[breezometer.com/use-cases/client-rzmask/index.html]
[breezometer.com/indexf549.html]
[breezometer.com/index58e9.html]
[breezometer.com/index6bbd.html]
[breezometer.com/index3bad.html]
[breezometer.com/indexdea9.html]
[breezometer.com/index0667.html]
[breezometer.com/index4f52.html]
[breezometer.com/index42a1.html]
[breezometer.com/index2356.html]
[breezometer.com/index91db.html]
[breezometer.com/indexdb2a.html]
[breezometer.com/index09ef.html]
[breezometer.com/index5066.html]
[breezometer.com/indexa828.html]
[breezometer.com/index38c2.html]
[breezometer.com/index1a31.html]
[breezometer.com/index6512.html]
[breezometer.com/index100d.html]
[breezometer.com/indexacc1.html]
[breezometer.com/index8416.html]
[breezometer.com/index1a8a.html]
[breezometer.com/index5bd0.html]
[breezometer.com/indexfc99.html]
[breezometer.com/index6fee.html]
[breezometer.com/use/client-digital-health-mobile-app/index.html]
[breezometer.com/index43a1.html]
[breezometer.com/index7ce8.html]
[breezometer.com/index5aa8.html]
[breezometer.com/wp-json/oembed/1.0/embed1bae]
[breezometer.com/5-things-to-know-about-air-pollution/index.html]
[breezometer.com/use-cases/client-digital-health-mobile-app/index.html]
[breezometer.com/wp-json/oembed/1.0/embed56d1.json]
[breezometer.com/use-cases/client-digital-health-mobile-app/index.html]
[breezometer.com/indexff33.html]
[breezometer.com/wp-json/oembed/1.0/embed3401]
